// Jest Snapshot v1, https://goo.gl/fbAQLP

exports[`<CommentBox /> CommentBox render 1`] = `ShallowWrapper {}`;
