// Jest Snapshot v1, https://goo.gl/fbAQLP

exports[`<GridImage /> GridImage render 1`] = `ShallowWrapper {}`;
