// Jest Snapshot v1, https://goo.gl/fbAQLP

exports[`<MediaList /> MediaList render 1`] = `ShallowWrapper {}`;
