// Jest Snapshot v1, https://goo.gl/fbAQLP

exports[`<PostItem /> PostItem render 1`] = `ShallowWrapper {}`;
