// Jest Snapshot v1, https://goo.gl/fbAQLP

exports[`<PostList /> PostList render 1`] = `ShallowWrapper {}`;
