// Jest Snapshot v1, https://goo.gl/fbAQLP

exports[`<Photos /> Photos render 1`] = `ShallowWrapper {}`;
