// Jest Snapshot v1, https://goo.gl/fbAQLP

exports[`<Communities /> Communities render 1`] = `ShallowWrapper {}`;
