// Jest Snapshot v1, https://goo.gl/fbAQLP

exports[`<Friends /> Friends render 1`] = `ShallowWrapper {}`;
