// Jest Snapshot v1, https://goo.gl/fbAQLP

exports[`<Interests /> Interests render 1`] = `ShallowWrapper {}`;
