// Jest Snapshot v1, https://goo.gl/fbAQLP

exports[`<DisplayDate /> DisplayDate render 1`] = `ShallowWrapper {}`;
