// Jest Snapshot v1, https://goo.gl/fbAQLP

exports[`<Events /> Events render 1`] = `ShallowWrapper {}`;
