// Jest Snapshot v1, https://goo.gl/fbAQLP

exports[`<TestComponent /> EventItem render 1`] = `ShallowWrapper {}`;
