// Jest Snapshot v1, https://goo.gl/fbAQLP

exports[`<NewsItem /> NewsItem render 1`] = `ShallowWrapper {}`;
