// Jest Snapshot v1, https://goo.gl/fbAQLP

exports[`<NewsList /> NewsList render 1`] = `ShallowWrapper {}`;
